// Jest Snapshot v1, https://goo.gl/fbAQLP

exports[`<SearchItems /> renders correctly 1`] = `
<div
  className="container"
>
  <div
    className="row"
  >
    <h1
      class="margin-30"
    >
      Search Items
    </h1>
  </div>
  <form
    className=""
  >
    <div
      className="cwig-card container"
    >
      <div
        className="row"
      >
        <div
          className="col-md-4"
        >
          <label
            className="form-label"
          >
            SKU
          </label>
          <input
            name="sku"
            onBlur={[Function]}
            onChange={[Function]}
            placeholder="sku"
            value=""
          />
        </div>
        <div
          className="col-md-4"
        >
          <label
            className="form-label"
          >
            Title
          </label>
          <input
            name="title"
            onBlur={[Function]}
            onChange={[Function]}
            placeholder="Title"
            value=""
          />
        </div>
        <div
          className="col-md-4"
        >
          <label
            className="form-label"
          >
            Keyword
          </label>
          <input
            name="keyword"
            onBlur={[Function]}
            onChange={[Function]}
            placeholder="Keyword"
            value=""
          />
        </div>
      </div>
      <div
        className="row"
      >
        <div
          className="col-md-4"
        >
          <label
            className="form-label"
          >
            Inventory Type
          </label>
          <select
            name="typeOfInventory"
            onBlur={[Function]}
            onChange={[Function]}
            value=""
          >
            <option
              value={2}
            >
              Administrative Item
            </option>
            <option
              value={1}
            >
              Conference Only Item
            </option>
            <option
              value={3}
            >
              Publication Item
            </option>
          </select>
        </div>
        <div
          className="col-md-4"
        >
          <label
            className="form-label"
          >
            Publication Format
          </label>
          <select
            name="pulbicationFormat"
            onBlur={[Function]}
            onChange={[Function]}
          >
            <option
              value={1}
            >
              Bound
            </option>
            <option
              value={2}
            >
              Unbound
            </option>
            <option
              value={5}
            >
              CD-ROM
            </option>
            <option
              value={6}
            >
              Audio Visual
            </option>
            <option
              value={7}
            >
              Poster
            </option>
          </select>
        </div>
      </div>
      <div
        className="row"
      >
        <button
          className="search btn btn-primary"
          disabled={false}
          onClick={[Function]}
          type="button"
        >
          Search
        </button>
      </div>
    </div>
  </form>
</div>
`;
