// Jest Snapshot v1, https://goo.gl/fbAQLP

exports[`<Header /> renders correctly 1`] = `
<div
  className="header container-fluid sticky"
>
  <nav
    className="navbar navbar-expand-lg navbar-dark bg-dark"
  >
    <a
      className="navbar-brand"
      href="#home"
    >
      Information Management System
    </a>
    <div
      aria-expanded={null}
      className="navbar-collapse collapse"
      id="basic-navbar-nav"
    >
      <div
        className="mr-auto navbar-nav"
        onKeyDown={[Function]}
      >
        <div
          className="dropdown nav-item"
          onKeyDown={[Function]}
        >
          <a
            aria-expanded={false}
            aria-haspopup={true}
            className="dropdown-toggle nav-link"
            data-rb-event-key={null}
            href="#"
            onClick={[Function]}
            onKeyDown={[Function]}
            role="button"
          >
            Customer Management
          </a>
        </div>
        <div
          className="dropdown nav-item"
          onKeyDown={[Function]}
        >
          <a
            aria-expanded={false}
            aria-haspopup={true}
            className="dropdown-toggle nav-link"
            data-rb-event-key={null}
            href="#"
            onClick={[Function]}
            onKeyDown={[Function]}
            role="button"
          >
            Inventory Management
          </a>
        </div>
        <div
          className="dropdown nav-item"
          onKeyDown={[Function]}
        >
          <a
            aria-expanded={false}
            aria-haspopup={true}
            className="dropdown-toggle nav-link"
            data-rb-event-key={null}
            href="#"
            onClick={[Function]}
            onKeyDown={[Function]}
            role="button"
          >
            Kit Management
          </a>
        </div>
        <div
          className="dropdown nav-item"
          onKeyDown={[Function]}
        >
          <a
            aria-expanded={false}
            aria-haspopup={true}
            className="dropdown-toggle nav-link"
            data-rb-event-key={null}
            href="#"
            onClick={[Function]}
            onKeyDown={[Function]}
            role="button"
          >
            Conference Management
          </a>
        </div>
        <div
          className="dropdown nav-item"
          onKeyDown={[Function]}
        >
          <a
            aria-expanded={false}
            aria-haspopup={true}
            className="dropdown-toggle nav-link"
            data-rb-event-key={null}
            href="#"
            onClick={[Function]}
            onKeyDown={[Function]}
            role="button"
          >
            Reports Management
          </a>
        </div>
      </div>
      <div
        className="navbar-nav"
        onKeyDown={[Function]}
      >
        <a
          className="nav-link"
          data-rb-event-key="#"
          href="#"
          onClick={[Function]}
          onKeyDown={[Function]}
          role="button"
        >
          Logout
        </a>
      </div>
    </div>
  </nav>
</div>
`;
