// Jest Snapshot v1, https://goo.gl/fbAQLP

exports[`<SearchOrders /> renders correctly 1`] = `
<div
  className="container"
>
  <div
    className="row"
  >
    <h1
      class="margin-30"
    >
      Search Orders
    </h1>
  </div>
  <form
    className=""
  >
    <div
      className="cwig-card container"
    >
      <div
        className="row"
      >
        <div
          className="col-md-4"
        >
          <label
            className="form-label"
          >
            Order Status
          </label>
          <select
            name="orderStatus"
            onBlur={[Function]}
            onChange={[Function]}
            value=""
          >
            <option
              value={1}
            >
              Pending
            </option>
            <option
              value={2}
            >
              Archived
            </option>
            <option
              value={3}
            >
              Confirmed
            </option>
            <option
              value={4}
            >
              Processed
            </option>
            <option
              value={5}
            >
              Held
            </option>
          </select>
        </div>
        <div
          className="col-md-4"
        >
          <label
            className="form-label"
          >
            Order Type
          </label>
          <select
            name="orderStatus"
            onBlur={[Function]}
            onChange={[Function]}
            value=""
          >
            <option
              value={2}
            >
              Conference
            </option>
            <option
              value={1}
            >
              Customer
            </option>
            <option
              value={3}
            >
              Online
            </option>
            <option
              value={4}
            >
              Pre-Order
            </option>
            <option
              value={5}
            >
              Targeted Mailing
            </option>
          </select>
        </div>
        <div
          className="col-md-4"
        >
          <label
            className="form-label"
          >
            Order ID
          </label>
          <input
            name="orderId"
            onBlur={[Function]}
            onChange={[Function]}
            placeholder="Order ID"
            value=""
          />
        </div>
      </div>
      <div
        className="row"
      >
        <div
          className="col-md-4"
        >
          <label
            className="form-label"
          >
            Customer First Name
          </label>
          <input
            name="customerFirstName"
            onBlur={[Function]}
            onChange={[Function]}
            placeholder="First Name"
            value=""
          />
        </div>
        <div
          className="col-md-4"
        >
          <label
            className="form-label"
          >
            Customer Last Name
          </label>
          <input
            name="customerLastName"
            onBlur={[Function]}
            onChange={[Function]}
            placeholder="Last Name"
            value=""
          />
        </div>
        <div
          className="col-md-4"
        >
          <label
            className="form-label"
          >
            Customer Zip Code
          </label>
          <input
            name="zipCode"
            onBlur={[Function]}
            onChange={[Function]}
            placeholder="Zip Code"
            value=""
          />
        </div>
      </div>
      <div
        className="row"
      >
        <div
          className="col-md-6"
        >
          <label
            className="form-label"
          >
            Date Range
          </label>
          <input
            name="dateFrom"
            onBlur={[Function]}
            onChange={[Function]}
            placeholder="Date From"
            value=""
          />
          <input
            name="dateTo"
            onBlur={[Function]}
            onChange={[Function]}
            placeholder="Date To"
            value=""
          />
        </div>
      </div>
      <div
        className="row"
      >
        <button
          className="search btn btn-primary"
          disabled={false}
          onClick={[Function]}
          type="button"
        >
          Search
        </button>
      </div>
    </div>
  </form>
</div>
`;
