// Jest Snapshot v1, https://goo.gl/fbAQLP

exports[`<CheckboxGroup /> renders correctly 1`] = `
<div
  className="input-field undefined"
>
  <fieldset>
    <legend />
  </fieldset>
</div>
`;
