// Jest Snapshot v1, https://goo.gl/fbAQLP

exports[`<CwigCard /> renders correctly 1`] = `
<div
  className="cwig-card container"
/>
`;
