// Jest Snapshot v1, https://goo.gl/fbAQLP

exports[`<Dashboard /> renders correctly 1`] = `
<div
  className="container"
>
  <div
    className="row"
  >
    <h1>
      Customer Dashboard
    </h1>
  </div>
  <div
    className="cwig-card container"
  >
    <div
      className="row"
    >
      <h3>
        Count of Inquiries
      </h3>
    </div>
    <div
      className="row"
    >
      <div
        className="col-md-3"
      >
        <p>
          Week: 
          0
        </p>
      </div>
      <div
        className="col-md-3"
      >
        <p>
          Month: 
          1
        </p>
      </div>
      <div
        className="col-md-3"
      >
        <p>
          Quarter: 
          2
        </p>
      </div>
      <div
        className="col-md-3"
      >
        <p>
          Year: 
          3
        </p>
      </div>
    </div>
  </div>
  <div
    className="cwig-card container"
  >
    <div
      className="row"
    >
      <h3>
        Open Inquiries
      </h3>
    </div>
    <div
      className="MuiPaper-root MuiTableContainer-root MuiPaper-elevation1 MuiPaper-rounded"
    >
      <table
        aria-label="open inquiries table"
        className="MuiTable-root"
      >
        <thead
          className="MuiTableHead-root"
        >
          <tr
            className="MuiTableRow-root MuiTableRow-head"
          >
            <th
              aria-sort={null}
              className="MuiTableCell-root MuiTableCell-head"
              scope="col"
            >
              Inquiry Date
            </th>
            <th
              aria-sort={null}
              className="MuiTableCell-root MuiTableCell-head"
              scope="col"
            >
              Name
            </th>
            <th
              aria-sort={null}
              className="MuiTableCell-root MuiTableCell-head"
              scope="col"
            >
              ID
            </th>
            <th
              aria-sort={null}
              className="MuiTableCell-root MuiTableCell-head"
              scope="col"
            >
              Last Action
            </th>
            <th
              aria-sort={null}
              className="MuiTableCell-root MuiTableCell-head"
              scope="col"
            >
              Assigned To
            </th>
          </tr>
        </thead>
        <tbody
          className="MuiTableBody-root"
        >
          <tr
            className="MuiTableRow-root"
          >
            <td
              aria-sort={null}
              className="MuiTableCell-root MuiTableCell-body"
            >
              02/24/2020
            </td>
            <td
              aria-sort={null}
              className="MuiTableCell-root MuiTableCell-body"
            >
              
               
              
            </td>
            <td
              aria-sort={null}
              className="MuiTableCell-root MuiTableCell-body"
            >
              56944
            </td>
            <td
              aria-sort={null}
              className="MuiTableCell-root MuiTableCell-body"
            >
              02/24/2020
            </td>
            <td
              aria-sort={null}
              className="MuiTableCell-root MuiTableCell-body"
            >
              Trip Ward
            </td>
          </tr>
          <tr
            className="MuiTableRow-root"
          >
            <td
              aria-sort={null}
              className="MuiTableCell-root MuiTableCell-body"
            >
              01/25/2020
            </td>
            <td
              aria-sort={null}
              className="MuiTableCell-root MuiTableCell-body"
            >
              
               
              
            </td>
            <td
              aria-sort={null}
              className="MuiTableCell-root MuiTableCell-body"
            >
              56912
            </td>
            <td
              aria-sort={null}
              className="MuiTableCell-root MuiTableCell-body"
            >
              01/25/2020
            </td>
            <td
              aria-sort={null}
              className="MuiTableCell-root MuiTableCell-body"
            >
              Isabelle Clark
            </td>
          </tr>
          <tr
            className="MuiTableRow-root"
          >
            <td
              aria-sort={null}
              className="MuiTableCell-root MuiTableCell-body"
            >
              12/01/2019
            </td>
            <td
              aria-sort={null}
              className="MuiTableCell-root MuiTableCell-body"
            >
              
               
              
            </td>
            <td
              aria-sort={null}
              className="MuiTableCell-root MuiTableCell-body"
            >
              56334
            </td>
            <td
              aria-sort={null}
              className="MuiTableCell-root MuiTableCell-body"
            >
              12/01/2020
            </td>
            <td
              aria-sort={null}
              className="MuiTableCell-root MuiTableCell-body"
            >
              Trip Ward
            </td>
          </tr>
          <tr
            className="MuiTableRow-root"
          >
            <td
              aria-sort={null}
              className="MuiTableCell-root MuiTableCell-body"
            >
              09/03/2019
            </td>
            <td
              aria-sort={null}
              className="MuiTableCell-root MuiTableCell-body"
            >
              Pawfj
               
              Gonzales
            </td>
            <td
              aria-sort={null}
              className="MuiTableCell-root MuiTableCell-body"
            >
              55305
            </td>
            <td
              aria-sort={null}
              className="MuiTableCell-root MuiTableCell-body"
            >
              09/03/2019
            </td>
            <td
              aria-sort={null}
              className="MuiTableCell-root MuiTableCell-body"
            >
              Trip Ward
            </td>
          </tr>
          <tr
            className="MuiTableRow-root"
          >
            <td
              aria-sort={null}
              className="MuiTableCell-root MuiTableCell-body"
            >
              09/03/2019
            </td>
            <td
              aria-sort={null}
              className="MuiTableCell-root MuiTableCell-body"
            >
              Qkvj
               
              Ward
            </td>
            <td
              aria-sort={null}
              className="MuiTableCell-root MuiTableCell-body"
            >
              55304
            </td>
            <td
              aria-sort={null}
              className="MuiTableCell-root MuiTableCell-body"
            >
              09/03/2019
            </td>
            <td
              aria-sort={null}
              className="MuiTableCell-root MuiTableCell-body"
            >
              Trip Ward
            </td>
          </tr>
          <tr
            className="MuiTableRow-root"
          >
            <td
              aria-sort={null}
              className="MuiTableCell-root MuiTableCell-body"
            >
              09/02/2019
            </td>
            <td
              aria-sort={null}
              className="MuiTableCell-root MuiTableCell-body"
            >
              Tftnvfq
               
              Edwards
            </td>
            <td
              aria-sort={null}
              className="MuiTableCell-root MuiTableCell-body"
            >
              55289
            </td>
            <td
              aria-sort={null}
              className="MuiTableCell-root MuiTableCell-body"
            >
              09/02/2019
            </td>
            <td
              aria-sort={null}
              className="MuiTableCell-root MuiTableCell-body"
            >
              Trip Ward
            </td>
          </tr>
          <tr
            className="MuiTableRow-root"
          >
            <td
              aria-sort={null}
              className="MuiTableCell-root MuiTableCell-body"
            >
              02/09/2019
            </td>
            <td
              aria-sort={null}
              className="MuiTableCell-root MuiTableCell-body"
            >
              Mltjvadlw
               
              Targeted-Mailing
            </td>
            <td
              aria-sort={null}
              className="MuiTableCell-root MuiTableCell-body"
            >
              52528
            </td>
            <td
              aria-sort={null}
              className="MuiTableCell-root MuiTableCell-body"
            >
              02/09/2019
            </td>
            <td
              aria-sort={null}
              className="MuiTableCell-root MuiTableCell-body"
            >
              Stephen Keplinger
            </td>
          </tr>
        </tbody>
      </table>
    </div>
  </div>
</div>
`;
